// Jest Snapshot v1, https://goo.gl/fbAQLP

exports[`renders Home correctly 1`] = `
<RCTSafeAreaView
  style={
    {
      "backgroundColor": "white",
      "flex": 1,
    }
  }
>
  <View
    style={
      {
        "alignItems": "center",
        "backgroundColor": "white",
        "flex": 1,
        "justifyContent": "center",
      }
    }
  >
    <View
      style={
        {
          "alignItems": "center",
          "flexDirection": "row",
          "height": 90,
          "justifyContent": "center",
          "marginTop": 20,
          "width": "60%",
        }
      }
    >
      <View
        style={
          {
            "alignItems": "center",
            "flex": 1,
            "justifyContent": "center",
            "marginLeft": 0,
          }
        }
      >
        <Text>
          Evenements Culturels à venir
        </Text>
      </View>
    </View>
    <View>
      <View
        accessibilityState={
          {
            "busy": undefined,
            "checked": undefined,
            "disabled": undefined,
            "expanded": undefined,
            "selected": undefined,
          }
        }
        accessibilityValue={
          {
            "max": undefined,
            "min": undefined,
            "now": undefined,
            "text": undefined,
          }
        }
        accessible={true}
        collapsable={false}
        focusable={true}
        hitSlop={
          {
            "bottom": 20,
            "left": 20,
            "right": 20,
            "top": 20,
          }
        }
        onBlur={[Function]}
        onClick={[Function]}
        onFocus={[Function]}
        onResponderGrant={[Function]}
        onResponderMove={[Function]}
        onResponderRelease={[Function]}
        onResponderTerminate={[Function]}
        onResponderTerminationRequest={[Function]}
        onStartShouldSetResponder={[Function]}
        style={
          {
            "alignItems": "center",
            "borderColor": "black",
            "borderRadius": 4,
            "borderWidth": 1,
            "justifyContent": "center",
            "padding": 5,
          }
        }
      >
        <Text>
          Ajouter un évènement
        </Text>
      </View>
    </View>
  </View>
  <View
    style={
      {
        "alignItems": "center",
        "flex": 4,
        "paddingTop": 50,
      }
    }
  >
    <View
      style={
        {
          "flexDirection": "row",
          "justifyContent": "space-around",
          "width": "100%",
        }
      }
    >
      <View
        accessibilityState={
          {
            "busy": undefined,
            "checked": undefined,
            "disabled": undefined,
            "expanded": undefined,
            "selected": undefined,
          }
        }
        accessibilityValue={
          {
            "max": undefined,
            "min": undefined,
            "now": undefined,
            "text": undefined,
          }
        }
        accessible={true}
        collapsable={false}
        focusable={true}
        onBlur={[Function]}
        onClick={[Function]}
        onFocus={[Function]}
        onResponderGrant={[Function]}
        onResponderMove={[Function]}
        onResponderRelease={[Function]}
        onResponderTerminate={[Function]}
        onResponderTerminationRequest={[Function]}
        onStartShouldSetResponder={[Function]}
        style={
          {
            "margin": 3,
          }
        }
      >
        <Text>
          Filtrer par dates
        </Text>
      </View>
      <View
        accessibilityState={
          {
            "busy": undefined,
            "checked": undefined,
            "disabled": undefined,
            "expanded": undefined,
            "selected": undefined,
          }
        }
        accessibilityValue={
          {
            "max": undefined,
            "min": undefined,
            "now": undefined,
            "text": undefined,
          }
        }
        accessible={true}
        collapsable={false}
        focusable={true}
        onBlur={[Function]}
        onClick={[Function]}
        onFocus={[Function]}
        onResponderGrant={[Function]}
        onResponderMove={[Function]}
        onResponderRelease={[Function]}
        onResponderTerminate={[Function]}
        onResponderTerminationRequest={[Function]}
        onStartShouldSetResponder={[Function]}
        style={
          {
            "margin": 3,
          }
        }
      >
        <Text>
          Filtrer par categorie
        </Text>
      </View>
    </View>
    <RCTScrollView
      data={
        [
          {
            "category": "Évènement",
            "date": "2022-06-07",
            "images": [
              "/images/cannes1.jpg",
              "/images/cannes2.jpg",
              "/images/cannes3.jpg",
              "/images/cannes4.jpg",
            ],
            "text": "Les équipes du #passCulture sont ravies d'avoir assisté à la 1ère édition du festival Réel les 3,4 & 5 juin à @villeurbanne, monté par des jeunes et pour les jeunes. L'occasion pour 30 envoyés spéciaux du #pass de tenir un stand sur le village et profiter des concerts 🎶",
            "title": "Festival Réel",
          },
          {
            "category": "Utilisateurs",
            "date": "2022-06-06",
            "text": "🎬 Retour sur le lancement de #lille3000 avec Anne-Rose et Jenny, deux jeunes utilisatrices du #passCulture 🚀L'opportunité pour nos bénéficiaires de faire le plein de découvertes culturelles autour de la thématique Utopia !",
            "title": "Utopia",
          },
          {
            "category": "Au bureau",
            "date": "2022-06-03",
            "text": "L'équipe du #passCulture est ravie d’avoir accueilli la ministre de la Culture @RimaAbdulMalak dans ses locaux, ce vendredi 3 juin. Avec l'ensemble des talents œuvrant au quotidien depuis le lancement du pass, nous avons pu échanger sur les enjeux à venir.",
            "title": "Visite de Rima Abdul Malak",
          },
          {
            "category": "Acteurs culturels",
            "date": "2022-06-02",
            "images": [
              "/images/ABF2022.jpg",
            ],
            "text": "#ABF2022 Le pass Culture est présent aujourd’hui et demain à #Metz pour le congrès annuel de @abf_info! Un moment précieux pour échanger avec les professionnels du secteur et les inviter à valoriser leurs projets sur l’application 📚",
            "title": "ABF2022",
          },
          {
            "category": "Ambassadeurs",
            "date": "2022-05-31",
            "text": "🎶 Les ambassadeurs bordelais du #passCulture ont assisté au concert de @louane et rencontré l'artiste à l'occasion de sa tournée 'Louane en couleurs'.",
            "title": "Louane",
          },
          {
            "category": "Ambassadeurs",
            "date": "2022-05-25",
            "text": "1 an de #passCulture, ça représente quoi pour les jeunes ? Un premier festival, une première sortie au théâtre, un tapis rouge, des émotions sur papier comme sur grand écran... Nos ambassadeurs nous dévoilent les expériences culturelles qu'ils ont pu vivre avec le pass ! 🤩",
            "title": "Anniversaire",
          },
          {
            "category": "Évènement",
            "date": "2022-05-25",
            "images": [
              "/images/cannes1.jpg",
              "/images/cannes2.jpg",
              "/images/cannes3.jpg",
              "/images/cannes4.jpg",
            ],
            "text": "Pour célébrer le #PassCulture qui souffle sa 1ère bougie, 14 ambassadeurs lillois du pass Culture ont eu la chance d'être invités au Festival de Cannes et d'échanger avec la Ministre de la Culture, Rima Abdul Malak avant de monter à ses côtés les marches du Palais des Festivals !",
            "title": "Festival de Cannes",
          },
        ]
      }
      getItem={[Function]}
      getItemCount={[Function]}
      keyExtractor={[Function]}
      onContentSizeChange={[Function]}
      onLayout={[Function]}
      onMomentumScrollBegin={[Function]}
      onMomentumScrollEnd={[Function]}
      onScroll={[Function]}
      onScrollBeginDrag={[Function]}
      onScrollEndDrag={[Function]}
      removeClippedSubviews={false}
      renderItem={[Function]}
      scrollEventThrottle={50}
      stickyHeaderIndices={[]}
      viewabilityConfigCallbackPairs={[]}
    >
      <View>
        <View
          onFocusCapture={[Function]}
          onLayout={[Function]}
          style={null}
        >
          <View
            style={
              {
                "borderColor": "black",
                "borderWidth": 1,
                "flex": 1,
                "flexDirection": "row",
                "marginHorizontal": 20,
                "marginVertical": 10,
                "padding": 10,
              }
            }
          >
            <View
              style={
                {
                  "flexDirection": "column",
                  "width": "70%",
                }
              }
            >
              <View
                style={
                  {
                    "marginVertical": 2,
                    "padding": 10,
                  }
                }
              >
                <Text>
                  Festival Réel
                </Text>
              </View>
              <View
                style={
                  {
                    "marginVertical": 2,
                    "padding": 10,
                  }
                }
              >
                <Text>
                  2022-06-07
                </Text>
              </View>
              <View
                style={
                  {
                    "marginVertical": 2,
                    "padding": 10,
                  }
                }
              >
                <Text>
                  Les équipes du #passCulture sont ravies d'avoir assisté à la 1ère édition du festival Réel les 3,4 & 5 juin à @villeurbanne, monté par des jeunes et pour les jeunes. L'occasion pour 30 envoyés spéciaux du #pass de tenir un stand sur le village et profiter des concerts 🎶
                </Text>
              </View>
            </View>
            <View
              style={
                {
                  "alignItems": "center",
                  "justifyContent": "center",
                  "width": "30%",
                }
              }
            >
              <Image
                source={1}
                style={
                  {
                    "height": 150,
                    "resizeMode": "cover",
                    "width": 150,
                  }
                }
              />
            </View>
          </View>
        </View>
        <View
          onFocusCapture={[Function]}
          onLayout={[Function]}
          style={null}
        >
          <View
            style={
              {
                "borderColor": "black",
                "borderWidth": 1,
                "flex": 1,
                "flexDirection": "row",
                "marginHorizontal": 20,
                "marginVertical": 10,
                "padding": 10,
              }
            }
          >
            <View
              style={
                {
                  "flexDirection": "column",
                  "width": "70%",
                }
              }
            >
              <View
                style={
                  {
                    "marginVertical": 2,
                    "padding": 10,
                  }
                }
              >
                <Text>
                  Utopia
                </Text>
              </View>
              <View
                style={
                  {
                    "marginVertical": 2,
                    "padding": 10,
                  }
                }
              >
                <Text>
                  2022-06-06
                </Text>
              </View>
              <View
                style={
                  {
                    "marginVertical": 2,
                    "padding": 10,
                  }
                }
              >
                <Text>
                  🎬 Retour sur le lancement de #lille3000 avec Anne-Rose et Jenny, deux jeunes utilisatrices du #passCulture 🚀L'opportunité pour nos bénéficiaires de faire le plein de découvertes culturelles autour de la thématique Utopia !
                </Text>
              </View>
            </View>
            <View
              style={
                {
                  "alignItems": "center",
                  "justifyContent": "center",
                  "width": "30%",
                }
              }
            />
          </View>
        </View>
        <View
          onFocusCapture={[Function]}
          onLayout={[Function]}
          style={null}
        >
          <View
            style={
              {
                "borderColor": "black",
                "borderWidth": 1,
                "flex": 1,
                "flexDirection": "row",
                "marginHorizontal": 20,
                "marginVertical": 10,
                "padding": 10,
              }
            }
          >
            <View
              style={
                {
                  "flexDirection": "column",
                  "width": "70%",
                }
              }
            >
              <View
                style={
                  {
                    "marginVertical": 2,
                    "padding": 10,
                  }
                }
              >
                <Text>
                  Visite de Rima Abdul Malak
                </Text>
              </View>
              <View
                style={
                  {
                    "marginVertical": 2,
                    "padding": 10,
                  }
                }
              >
                <Text>
                  2022-06-03
                </Text>
              </View>
              <View
                style={
                  {
                    "marginVertical": 2,
                    "padding": 10,
                  }
                }
              >
                <Text>
                  L'équipe du #passCulture est ravie d’avoir accueilli la ministre de la Culture @RimaAbdulMalak dans ses locaux, ce vendredi 3 juin. Avec l'ensemble des talents œuvrant au quotidien depuis le lancement du pass, nous avons pu échanger sur les enjeux à venir.
                </Text>
              </View>
            </View>
            <View
              style={
                {
                  "alignItems": "center",
                  "justifyContent": "center",
                  "width": "30%",
                }
              }
            />
          </View>
        </View>
        <View
          onFocusCapture={[Function]}
          onLayout={[Function]}
          style={null}
        >
          <View
            style={
              {
                "borderColor": "black",
                "borderWidth": 1,
                "flex": 1,
                "flexDirection": "row",
                "marginHorizontal": 20,
                "marginVertical": 10,
                "padding": 10,
              }
            }
          >
            <View
              style={
                {
                  "flexDirection": "column",
                  "width": "70%",
                }
              }
            >
              <View
                style={
                  {
                    "marginVertical": 2,
                    "padding": 10,
                  }
                }
              >
                <Text>
                  ABF2022
                </Text>
              </View>
              <View
                style={
                  {
                    "marginVertical": 2,
                    "padding": 10,
                  }
                }
              >
                <Text>
                  2022-06-02
                </Text>
              </View>
              <View
                style={
                  {
                    "marginVertical": 2,
                    "padding": 10,
                  }
                }
              >
                <Text>
                  #ABF2022 Le pass Culture est présent aujourd’hui et demain à #Metz pour le congrès annuel de @abf_info! Un moment précieux pour échanger avec les professionnels du secteur et les inviter à valoriser leurs projets sur l’application 📚
                </Text>
              </View>
            </View>
            <View
              style={
                {
                  "alignItems": "center",
                  "justifyContent": "center",
                  "width": "30%",
                }
              }
            >
              <Image
                source={1}
                style={
                  {
                    "height": 150,
                    "resizeMode": "cover",
                    "width": 150,
                  }
                }
              />
            </View>
          </View>
        </View>
        <View
          onFocusCapture={[Function]}
          onLayout={[Function]}
          style={null}
        >
          <View
            style={
              {
                "borderColor": "black",
                "borderWidth": 1,
                "flex": 1,
                "flexDirection": "row",
                "marginHorizontal": 20,
                "marginVertical": 10,
                "padding": 10,
              }
            }
          >
            <View
              style={
                {
                  "flexDirection": "column",
                  "width": "70%",
                }
              }
            >
              <View
                style={
                  {
                    "marginVertical": 2,
                    "padding": 10,
                  }
                }
              >
                <Text>
                  Louane
                </Text>
              </View>
              <View
                style={
                  {
                    "marginVertical": 2,
                    "padding": 10,
                  }
                }
              >
                <Text>
                  2022-05-31
                </Text>
              </View>
              <View
                style={
                  {
                    "marginVertical": 2,
                    "padding": 10,
                  }
                }
              >
                <Text>
                  🎶 Les ambassadeurs bordelais du #passCulture ont assisté au concert de @louane et rencontré l'artiste à l'occasion de sa tournée 'Louane en couleurs'.
                </Text>
              </View>
            </View>
            <View
              style={
                {
                  "alignItems": "center",
                  "justifyContent": "center",
                  "width": "30%",
                }
              }
            />
          </View>
        </View>
        <View
          onFocusCapture={[Function]}
          onLayout={[Function]}
          style={null}
        >
          <View
            style={
              {
                "borderColor": "black",
                "borderWidth": 1,
                "flex": 1,
                "flexDirection": "row",
                "marginHorizontal": 20,
                "marginVertical": 10,
                "padding": 10,
              }
            }
          >
            <View
              style={
                {
                  "flexDirection": "column",
                  "width": "70%",
                }
              }
            >
              <View
                style={
                  {
                    "marginVertical": 2,
                    "padding": 10,
                  }
                }
              >
                <Text>
                  Anniversaire
                </Text>
              </View>
              <View
                style={
                  {
                    "marginVertical": 2,
                    "padding": 10,
                  }
                }
              >
                <Text>
                  2022-05-25
                </Text>
              </View>
              <View
                style={
                  {
                    "marginVertical": 2,
                    "padding": 10,
                  }
                }
              >
                <Text>
                  1 an de #passCulture, ça représente quoi pour les jeunes ? Un premier festival, une première sortie au théâtre, un tapis rouge, des émotions sur papier comme sur grand écran... Nos ambassadeurs nous dévoilent les expériences culturelles qu'ils ont pu vivre avec le pass ! 🤩
                </Text>
              </View>
            </View>
            <View
              style={
                {
                  "alignItems": "center",
                  "justifyContent": "center",
                  "width": "30%",
                }
              }
            />
          </View>
        </View>
        <View
          onFocusCapture={[Function]}
          onLayout={[Function]}
          style={null}
        >
          <View
            style={
              {
                "borderColor": "black",
                "borderWidth": 1,
                "flex": 1,
                "flexDirection": "row",
                "marginHorizontal": 20,
                "marginVertical": 10,
                "padding": 10,
              }
            }
          >
            <View
              style={
                {
                  "flexDirection": "column",
                  "width": "70%",
                }
              }
            >
              <View
                style={
                  {
                    "marginVertical": 2,
                    "padding": 10,
                  }
                }
              >
                <Text>
                  Festival de Cannes
                </Text>
              </View>
              <View
                style={
                  {
                    "marginVertical": 2,
                    "padding": 10,
                  }
                }
              >
                <Text>
                  2022-05-25
                </Text>
              </View>
              <View
                style={
                  {
                    "marginVertical": 2,
                    "padding": 10,
                  }
                }
              >
                <Text>
                  Pour célébrer le #PassCulture qui souffle sa 1ère bougie, 14 ambassadeurs lillois du pass Culture ont eu la chance d'être invités au Festival de Cannes et d'échanger avec la Ministre de la Culture, Rima Abdul Malak avant de monter à ses côtés les marches du Palais des Festivals !
                </Text>
              </View>
            </View>
            <View
              style={
                {
                  "alignItems": "center",
                  "justifyContent": "center",
                  "width": "30%",
                }
              }
            >
              <Image
                source={1}
                style={
                  {
                    "height": 150,
                    "resizeMode": "cover",
                    "width": 150,
                  }
                }
              />
            </View>
          </View>
        </View>
      </View>
    </RCTScrollView>
  </View>
  <Modal
    animationType="slide"
    hardwareAccelerated={false}
    onRequestClose={[Function]}
    presentationStyle="overFullScreen"
    style={
      {
        "flex": 1,
      }
    }
    transparent={true}
    visible={false}
  />
</RCTSafeAreaView>
`;
